// Jest Snapshot v1, https://goo.gl/fbAQLP

exports[`Match with snapshot 1`] = `
{
  "Outputs": {
    "BedrockApiEndpoint0AF79013": {
      "Value": {
        "Fn::Join": [
          "",
          [
            "https://",
            {
              "Ref": "BedrockApi7EC59F6D",
            },
            ".execute-api.",
            {
              "Ref": "AWS::Region",
            },
            ".",
            {
              "Ref": "AWS::URLSuffix",
            },
            "/",
            {
              "Ref": "BedrockApiDeploymentStageprodE6A4312F",
            },
            "/",
          ],
        ],
      },
    },
  },
  "Parameters": {
    "BootstrapVersion": {
      "Default": "/cdk-bootstrap/hnb659fds/version",
      "Description": "Version of the CDK Bootstrap resources in this environment, automatically retrieved from SSM Parameter Store. [cdk:skip]",
      "Type": "AWS::SSM::Parameter::Value<String>",
    },
  },
  "Resources": {
    "AuthorizationAE2C3694": {
      "DependsOn": [
        "AuthorizationServiceRoleDefaultPolicy1A519AE6",
        "AuthorizationServiceRole8A9BA832",
      ],
      "Properties": {
        "Code": {
          "S3Bucket": {
            "Fn::Sub": "cdk-hnb659fds-assets-\${AWS::AccountId}-\${AWS::Region}",
          },
          "S3Key": "668c9518dd03c7c8537eabf00caa58156d69ff8024f7fdbe96f47a432009b32a.zip",
        },
        "Environment": {
          "Variables": {
            "API_ID": {
              "Ref": "BedrockApi7EC59F6D",
            },
            "API_METHOD": "GET",
            "API_RESOURCE": "invoke",
            "AWS_NODEJS_CONNECTION_REUSE_ENABLED": "1",
            "REGION": {
              "Ref": "AWS::Region",
            },
            "SECRET_NAME": {
              "Fn::Join": [
                "-",
                [
                  {
                    "Fn::Select": [
                      0,
                      {
                        "Fn::Split": [
                          "-",
                          {
                            "Fn::Select": [
                              6,
                              {
                                "Fn::Split": [
                                  ":",
                                  {
                                    "Ref": "SecretA720EF05",
                                  },
                                ],
                              },
                            ],
                          },
                        ],
                      },
                    ],
                  },
                  {
                    "Fn::Select": [
                      1,
                      {
                        "Fn::Split": [
                          "-",
                          {
                            "Fn::Select": [
                              6,
                              {
                                "Fn::Split": [
                                  ":",
                                  {
                                    "Ref": "SecretA720EF05",
                                  },
                                ],
                              },
                            ],
                          },
                        ],
                      },
                    ],
                  },
                ],
              ],
            },
          },
        },
        "Handler": "index.handler",
        "Role": {
          "Fn::GetAtt": [
            "AuthorizationServiceRole8A9BA832",
            "Arn",
          ],
        },
        "Runtime": "nodejs16.x",
      },
      "Type": "AWS::Lambda::Function",
    },
    "AuthorizationLogRetention20D3EB56": {
      "Properties": {
        "LogGroupName": {
          "Fn::Join": [
            "",
            [
              "/aws/lambda/",
              {
                "Ref": "AuthorizationAE2C3694",
              },
            ],
          ],
        },
        "RetentionInDays": 1,
        "ServiceToken": {
          "Fn::GetAtt": [
            "LogRetentionaae0aa3c5b4d4f87b02d85b201efdd8aFD4BFC8A",
            "Arn",
          ],
        },
      },
      "Type": "Custom::LogRetention",
    },
    "AuthorizationServiceRole8A9BA832": {
      "Properties": {
        "AssumeRolePolicyDocument": {
          "Statement": [
            {
              "Action": "sts:AssumeRole",
              "Effect": "Allow",
              "Principal": {
                "Service": "lambda.amazonaws.com",
              },
            },
          ],
          "Version": "2012-10-17",
        },
        "ManagedPolicyArns": [
          {
            "Fn::Join": [
              "",
              [
                "arn:",
                {
                  "Ref": "AWS::Partition",
                },
                ":iam::aws:policy/service-role/AWSLambdaBasicExecutionRole",
              ],
            ],
          },
        ],
      },
      "Type": "AWS::IAM::Role",
    },
    "AuthorizationServiceRoleDefaultPolicy1A519AE6": {
      "Properties": {
        "PolicyDocument": {
          "Statement": [
            {
              "Action": [
                "secretsmanager:GetSecretValue",
                "secretsmanager:DescribeSecret",
              ],
              "Effect": "Allow",
              "Resource": {
                "Ref": "SecretA720EF05",
              },
            },
          ],
          "Version": "2012-10-17",
        },
        "PolicyName": "AuthorizationServiceRoleDefaultPolicy1A519AE6",
        "Roles": [
          {
            "Ref": "AuthorizationServiceRole8A9BA832",
          },
        ],
      },
      "Type": "AWS::IAM::Policy",
    },
    "AuthorizationTestBedrockApigatewayStackAuthorizerFEB43F63PermissionsE7E2F0E8": {
      "Properties": {
        "Action": "lambda:InvokeFunction",
        "FunctionName": {
          "Fn::GetAtt": [
            "AuthorizationAE2C3694",
            "Arn",
          ],
        },
        "Principal": "apigateway.amazonaws.com",
        "SourceArn": {
          "Fn::Join": [
            "",
            [
              "arn:",
              {
                "Ref": "AWS::Partition",
              },
              ":execute-api:",
              {
                "Ref": "AWS::Region",
              },
              ":",
              {
                "Ref": "AWS::AccountId",
              },
              ":",
              {
                "Ref": "BedrockApi7EC59F6D",
              },
              "/authorizers/",
              {
                "Ref": "AuthorizerBD825682",
              },
            ],
          ],
        },
      },
      "Type": "AWS::Lambda::Permission",
    },
    "AuthorizerBD825682": {
      "Properties": {
        "AuthorizerResultTtlInSeconds": 300,
        "AuthorizerUri": {
          "Fn::Join": [
            "",
            [
              "arn:",
              {
                "Fn::Select": [
                  1,
                  {
                    "Fn::Split": [
                      ":",
                      {
                        "Fn::GetAtt": [
                          "AuthorizationAE2C3694",
                          "Arn",
                        ],
                      },
                    ],
                  },
                ],
              },
              ":apigateway:",
              {
                "Fn::Select": [
                  3,
                  {
                    "Fn::Split": [
                      ":",
                      {
                        "Fn::GetAtt": [
                          "AuthorizationAE2C3694",
                          "Arn",
                        ],
                      },
                    ],
                  },
                ],
              },
              ":lambda:path/2015-03-31/functions/",
              {
                "Fn::GetAtt": [
                  "AuthorizationAE2C3694",
                  "Arn",
                ],
              },
              "/invocations",
            ],
          ],
        },
        "IdentitySource": "method.request.header.Authorization",
        "Name": "TestBedrockApigatewayStackAuthorizerFEB43F63",
        "RestApiId": {
          "Ref": "BedrockApi7EC59F6D",
        },
        "Type": "REQUEST",
      },
      "Type": "AWS::ApiGateway::Authorizer",
    },
    "Bedrock1F578EB3": {
      "DependsOn": [
        "BedrockServiceRoleDefaultPolicyD0D91EE2",
        "BedrockServiceRole290DC93B",
      ],
      "Properties": {
        "Code": {
          "S3Bucket": {
            "Fn::Sub": "cdk-hnb659fds-assets-\${AWS::AccountId}-\${AWS::Region}",
          },
          "S3Key": "fffd6bce9c275d011d63156116696ac935b659743fdc80aeff646546325a53fd.zip",
        },
        "Environment": {
          "Variables": {
            "AWS_NODEJS_CONNECTION_REUSE_ENABLED": "1",
          },
        },
        "Handler": "index.handler",
        "MemorySize": 256,
        "Role": {
          "Fn::GetAtt": [
            "BedrockServiceRole290DC93B",
            "Arn",
          ],
        },
        "Runtime": "nodejs16.x",
        "Timeout": 30,
      },
      "Type": "AWS::Lambda::Function",
    },
    "BedrockApi7EC59F6D": {
      "Properties": {
        "Name": "BedrockApi",
      },
      "Type": "AWS::ApiGateway::RestApi",
    },
    "BedrockApiAccount7733BA59": {
      "DeletionPolicy": "Retain",
      "DependsOn": [
        "BedrockApi7EC59F6D",
      ],
      "Properties": {
        "CloudWatchRoleArn": {
          "Fn::GetAtt": [
            "BedrockApiCloudWatchRole634E5E8A",
            "Arn",
          ],
        },
      },
      "Type": "AWS::ApiGateway::Account",
      "UpdateReplacePolicy": "Retain",
    },
    "BedrockApiCloudWatchRole634E5E8A": {
      "DeletionPolicy": "Retain",
      "Properties": {
        "AssumeRolePolicyDocument": {
          "Statement": [
            {
              "Action": "sts:AssumeRole",
              "Effect": "Allow",
              "Principal": {
                "Service": "apigateway.amazonaws.com",
              },
            },
          ],
          "Version": "2012-10-17",
        },
        "ManagedPolicyArns": [
          {
            "Fn::Join": [
              "",
              [
                "arn:",
                {
                  "Ref": "AWS::Partition",
                },
                ":iam::aws:policy/service-role/AmazonAPIGatewayPushToCloudWatchLogs",
              ],
            ],
          },
        ],
      },
      "Type": "AWS::IAM::Role",
      "UpdateReplacePolicy": "Retain",
    },
    "BedrockApiDeployment7919E419337d167e2d6accb820cccfcc8701d577": {
      "DependsOn": [
        "BedrockApiinvokeGETFF1850FE",
        "BedrockApiinvokeCC8123DC",
      ],
      "Properties": {
        "Description": "Automatically created by the RestApi construct",
        "RestApiId": {
          "Ref": "BedrockApi7EC59F6D",
        },
      },
      "Type": "AWS::ApiGateway::Deployment",
    },
    "BedrockApiDeploymentStageprodE6A4312F": {
      "DependsOn": [
        "BedrockApiAccount7733BA59",
      ],
      "Properties": {
        "DeploymentId": {
          "Ref": "BedrockApiDeployment7919E419337d167e2d6accb820cccfcc8701d577",
        },
        "RestApiId": {
          "Ref": "BedrockApi7EC59F6D",
        },
        "StageName": "prod",
      },
      "Type": "AWS::ApiGateway::Stage",
    },
    "BedrockApiinvokeCC8123DC": {
      "Properties": {
        "ParentId": {
          "Fn::GetAtt": [
            "BedrockApi7EC59F6D",
            "RootResourceId",
          ],
        },
        "PathPart": "invoke",
        "RestApiId": {
          "Ref": "BedrockApi7EC59F6D",
        },
      },
      "Type": "AWS::ApiGateway::Resource",
    },
    "BedrockApiinvokeGETApiPermissionTestBedrockApigatewayStackBedrockApiABBD19F1GETinvoke9BD9589D": {
      "Properties": {
        "Action": "lambda:InvokeFunction",
        "FunctionName": {
          "Fn::GetAtt": [
            "Bedrock1F578EB3",
            "Arn",
          ],
        },
        "Principal": "apigateway.amazonaws.com",
        "SourceArn": {
          "Fn::Join": [
            "",
            [
              "arn:",
              {
                "Ref": "AWS::Partition",
              },
              ":execute-api:",
              {
                "Ref": "AWS::Region",
              },
              ":",
              {
                "Ref": "AWS::AccountId",
              },
              ":",
              {
                "Ref": "BedrockApi7EC59F6D",
              },
              "/",
              {
                "Ref": "BedrockApiDeploymentStageprodE6A4312F",
              },
              "/GET/invoke",
            ],
          ],
        },
      },
      "Type": "AWS::Lambda::Permission",
    },
    "BedrockApiinvokeGETApiPermissionTestTestBedrockApigatewayStackBedrockApiABBD19F1GETinvoke8CEE443F": {
      "Properties": {
        "Action": "lambda:InvokeFunction",
        "FunctionName": {
          "Fn::GetAtt": [
            "Bedrock1F578EB3",
            "Arn",
          ],
        },
        "Principal": "apigateway.amazonaws.com",
        "SourceArn": {
          "Fn::Join": [
            "",
            [
              "arn:",
              {
                "Ref": "AWS::Partition",
              },
              ":execute-api:",
              {
                "Ref": "AWS::Region",
              },
              ":",
              {
                "Ref": "AWS::AccountId",
              },
              ":",
              {
                "Ref": "BedrockApi7EC59F6D",
              },
              "/test-invoke-stage/GET/invoke",
            ],
          ],
        },
      },
      "Type": "AWS::Lambda::Permission",
    },
    "BedrockApiinvokeGETFF1850FE": {
      "Properties": {
        "AuthorizationType": "CUSTOM",
        "AuthorizerId": {
          "Ref": "AuthorizerBD825682",
        },
        "HttpMethod": "GET",
        "Integration": {
          "IntegrationHttpMethod": "POST",
          "Type": "AWS_PROXY",
          "Uri": {
            "Fn::Join": [
              "",
              [
                "arn:",
                {
                  "Ref": "AWS::Partition",
                },
                ":apigateway:",
                {
                  "Ref": "AWS::Region",
                },
                ":lambda:path/2015-03-31/functions/",
                {
                  "Fn::GetAtt": [
                    "Bedrock1F578EB3",
                    "Arn",
                  ],
                },
                "/invocations",
              ],
            ],
          },
        },
        "ResourceId": {
          "Ref": "BedrockApiinvokeCC8123DC",
        },
        "RestApiId": {
          "Ref": "BedrockApi7EC59F6D",
        },
      },
      "Type": "AWS::ApiGateway::Method",
    },
    "BedrockLogRetention7C92EB04": {
      "Properties": {
        "LogGroupName": {
          "Fn::Join": [
            "",
            [
              "/aws/lambda/",
              {
                "Ref": "Bedrock1F578EB3",
              },
            ],
          ],
        },
        "RetentionInDays": 1,
        "ServiceToken": {
          "Fn::GetAtt": [
            "LogRetentionaae0aa3c5b4d4f87b02d85b201efdd8aFD4BFC8A",
            "Arn",
          ],
        },
      },
      "Type": "Custom::LogRetention",
    },
    "BedrockServiceRole290DC93B": {
      "Properties": {
        "AssumeRolePolicyDocument": {
          "Statement": [
            {
              "Action": "sts:AssumeRole",
              "Effect": "Allow",
              "Principal": {
                "Service": "lambda.amazonaws.com",
              },
            },
          ],
          "Version": "2012-10-17",
        },
        "ManagedPolicyArns": [
          {
            "Fn::Join": [
              "",
              [
                "arn:",
                {
                  "Ref": "AWS::Partition",
                },
                ":iam::aws:policy/service-role/AWSLambdaBasicExecutionRole",
              ],
            ],
          },
        ],
      },
      "Type": "AWS::IAM::Role",
    },
    "BedrockServiceRoleDefaultPolicyD0D91EE2": {
      "Properties": {
        "PolicyDocument": {
          "Statement": [
            {
              "Action": "bedrock:InvokeModel",
              "Effect": "Allow",
              "Resource": "arn:aws:bedrock:eu-central-1::foundation-model/anthropic.claude-v2",
            },
          ],
          "Version": "2012-10-17",
        },
        "PolicyName": "BedrockServiceRoleDefaultPolicyD0D91EE2",
        "Roles": [
          {
            "Ref": "BedrockServiceRole290DC93B",
          },
        ],
      },
      "Type": "AWS::IAM::Policy",
    },
    "LogRetentionaae0aa3c5b4d4f87b02d85b201efdd8aFD4BFC8A": {
      "DependsOn": [
        "LogRetentionaae0aa3c5b4d4f87b02d85b201efdd8aServiceRoleDefaultPolicyADDA7DEB",
        "LogRetentionaae0aa3c5b4d4f87b02d85b201efdd8aServiceRole9741ECFB",
      ],
      "Properties": {
        "Code": {
          "S3Bucket": {
            "Fn::Sub": "cdk-hnb659fds-assets-\${AWS::AccountId}-\${AWS::Region}",
          },
          "S3Key": "4e26bf2d0a26f2097fb2b261f22bb51e3f6b4b52635777b1e54edbd8e2d58c35.zip",
        },
        "Handler": "index.handler",
        "Role": {
          "Fn::GetAtt": [
            "LogRetentionaae0aa3c5b4d4f87b02d85b201efdd8aServiceRole9741ECFB",
            "Arn",
          ],
        },
        "Runtime": "nodejs18.x",
        "Timeout": 900,
      },
      "Type": "AWS::Lambda::Function",
    },
    "LogRetentionaae0aa3c5b4d4f87b02d85b201efdd8aServiceRole9741ECFB": {
      "Properties": {
        "AssumeRolePolicyDocument": {
          "Statement": [
            {
              "Action": "sts:AssumeRole",
              "Effect": "Allow",
              "Principal": {
                "Service": "lambda.amazonaws.com",
              },
            },
          ],
          "Version": "2012-10-17",
        },
        "ManagedPolicyArns": [
          {
            "Fn::Join": [
              "",
              [
                "arn:",
                {
                  "Ref": "AWS::Partition",
                },
                ":iam::aws:policy/service-role/AWSLambdaBasicExecutionRole",
              ],
            ],
          },
        ],
      },
      "Type": "AWS::IAM::Role",
    },
    "LogRetentionaae0aa3c5b4d4f87b02d85b201efdd8aServiceRoleDefaultPolicyADDA7DEB": {
      "Properties": {
        "PolicyDocument": {
          "Statement": [
            {
              "Action": [
                "logs:PutRetentionPolicy",
                "logs:DeleteRetentionPolicy",
              ],
              "Effect": "Allow",
              "Resource": "*",
            },
          ],
          "Version": "2012-10-17",
        },
        "PolicyName": "LogRetentionaae0aa3c5b4d4f87b02d85b201efdd8aServiceRoleDefaultPolicyADDA7DEB",
        "Roles": [
          {
            "Ref": "LogRetentionaae0aa3c5b4d4f87b02d85b201efdd8aServiceRole9741ECFB",
          },
        ],
      },
      "Type": "AWS::IAM::Policy",
    },
    "SecretA720EF05": {
      "DeletionPolicy": "Delete",
      "Properties": {
        "GenerateSecretString": {},
      },
      "Type": "AWS::SecretsManager::Secret",
      "UpdateReplacePolicy": "Delete",
    },
  },
  "Rules": {
    "CheckBootstrapVersion": {
      "Assertions": [
        {
          "Assert": {
            "Fn::Not": [
              {
                "Fn::Contains": [
                  [
                    "1",
                    "2",
                    "3",
                    "4",
                    "5",
                  ],
                  {
                    "Ref": "BootstrapVersion",
                  },
                ],
              },
            ],
          },
          "AssertDescription": "CDK bootstrap stack version 6 required. Please run 'cdk bootstrap' with a recent version of the CDK CLI.",
        },
      ],
    },
  },
}
`;
