// Vitest Snapshot v1, https://vitest.dev/guide/snapshot.html

exports[`should match with snapshot 1`] = `
{
  "Outputs": {
    "ApiEndpoint4F160690": {
      "Value": {
        "Fn::Join": [
          "",
          [
            "https://",
            {
              "Ref": "ApiF70053CD",
            },
            ".execute-api.",
            {
              "Ref": "AWS::Region",
            },
            ".",
            {
              "Ref": "AWS::URLSuffix",
            },
            "/",
            {
              "Ref": "ApiDeploymentStageprod3EB9684E",
            },
            "/",
          ],
        ],
      },
    },
  },
  "Parameters": {
    "BootstrapVersion": {
      "Default": "/cdk-bootstrap/hnb659fds/version",
      "Description": "Version of the CDK Bootstrap resources in this environment, automatically retrieved from SSM Parameter Store. [cdk:skip]",
      "Type": "AWS::SSM::Parameter::Value<String>",
    },
  },
  "Resources": {
    "ApiAccountA18C9B29": {
      "DeletionPolicy": "Delete",
      "DependsOn": [
        "ApiF70053CD",
      ],
      "Properties": {
        "CloudWatchRoleArn": {
          "Fn::GetAtt": [
            "ApiCloudWatchRole73EC6FC4",
            "Arn",
          ],
        },
      },
      "Type": "AWS::ApiGateway::Account",
      "UpdateReplacePolicy": "Delete",
    },
    "ApiCloudWatchRole73EC6FC4": {
      "DeletionPolicy": "Delete",
      "Properties": {
        "AssumeRolePolicyDocument": {
          "Statement": [
            {
              "Action": "sts:AssumeRole",
              "Effect": "Allow",
              "Principal": {
                "Service": "apigateway.amazonaws.com",
              },
            },
          ],
          "Version": "2012-10-17",
        },
        "ManagedPolicyArns": [
          {
            "Fn::Join": [
              "",
              [
                "arn:",
                {
                  "Ref": "AWS::Partition",
                },
                ":iam::aws:policy/service-role/AmazonAPIGatewayPushToCloudWatchLogs",
              ],
            ],
          },
        ],
      },
      "Type": "AWS::IAM::Role",
      "UpdateReplacePolicy": "Delete",
    },
    "ApiDeploymentB17BE62Dda4a3c1c0f891ffa2b34b121b922c927": {
      "DeletionPolicy": "Delete",
      "DependsOn": [
        "ApiPOST9384DEBA",
      ],
      "Properties": {
        "Description": "Automatically created by the RestApi construct",
        "RestApiId": {
          "Ref": "ApiF70053CD",
        },
      },
      "Type": "AWS::ApiGateway::Deployment",
      "UpdateReplacePolicy": "Delete",
    },
    "ApiDeploymentStageprod3EB9684E": {
      "DeletionPolicy": "Delete",
      "DependsOn": [
        "ApiAccountA18C9B29",
      ],
      "Properties": {
        "DeploymentId": {
          "Ref": "ApiDeploymentB17BE62Dda4a3c1c0f891ffa2b34b121b922c927",
        },
        "RestApiId": {
          "Ref": "ApiF70053CD",
        },
        "StageName": "prod",
      },
      "Type": "AWS::ApiGateway::Stage",
      "UpdateReplacePolicy": "Delete",
    },
    "ApiF70053CD": {
      "DeletionPolicy": "Delete",
      "Properties": {
        "Name": "Api",
      },
      "Type": "AWS::ApiGateway::RestApi",
      "UpdateReplacePolicy": "Delete",
    },
    "ApiPOST9384DEBA": {
      "DeletionPolicy": "Delete",
      "Properties": {
        "AuthorizationType": "COGNITO_USER_POOLS",
        "AuthorizerId": {
          "Ref": "AuthorizerBD825682",
        },
        "HttpMethod": "POST",
        "Integration": {
          "IntegrationHttpMethod": "POST",
          "Type": "AWS_PROXY",
          "Uri": {
            "Fn::Join": [
              "",
              [
                "arn:",
                {
                  "Ref": "AWS::Partition",
                },
                ":apigateway:",
                {
                  "Ref": "AWS::Region",
                },
                ":lambda:path/2015-03-31/functions/",
                {
                  "Fn::GetAtt": [
                    "LambdaD247545B",
                    "Arn",
                  ],
                },
                "/invocations",
              ],
            ],
          },
        },
        "ResourceId": {
          "Fn::GetAtt": [
            "ApiF70053CD",
            "RootResourceId",
          ],
        },
        "RestApiId": {
          "Ref": "ApiF70053CD",
        },
      },
      "Type": "AWS::ApiGateway::Method",
      "UpdateReplacePolicy": "Delete",
    },
    "ApiPOSTApiPermissionStackApiDBBEC0DBPOST637FF6AF": {
      "DeletionPolicy": "Delete",
      "Properties": {
        "Action": "lambda:InvokeFunction",
        "FunctionName": {
          "Fn::GetAtt": [
            "LambdaD247545B",
            "Arn",
          ],
        },
        "Principal": "apigateway.amazonaws.com",
        "SourceArn": {
          "Fn::Join": [
            "",
            [
              "arn:",
              {
                "Ref": "AWS::Partition",
              },
              ":execute-api:",
              {
                "Ref": "AWS::Region",
              },
              ":",
              {
                "Ref": "AWS::AccountId",
              },
              ":",
              {
                "Ref": "ApiF70053CD",
              },
              "/",
              {
                "Ref": "ApiDeploymentStageprod3EB9684E",
              },
              "/POST/",
            ],
          ],
        },
      },
      "Type": "AWS::Lambda::Permission",
      "UpdateReplacePolicy": "Delete",
    },
    "ApiPOSTApiPermissionTestStackApiDBBEC0DBPOST5D85DE27": {
      "DeletionPolicy": "Delete",
      "Properties": {
        "Action": "lambda:InvokeFunction",
        "FunctionName": {
          "Fn::GetAtt": [
            "LambdaD247545B",
            "Arn",
          ],
        },
        "Principal": "apigateway.amazonaws.com",
        "SourceArn": {
          "Fn::Join": [
            "",
            [
              "arn:",
              {
                "Ref": "AWS::Partition",
              },
              ":execute-api:",
              {
                "Ref": "AWS::Region",
              },
              ":",
              {
                "Ref": "AWS::AccountId",
              },
              ":",
              {
                "Ref": "ApiF70053CD",
              },
              "/test-invoke-stage/POST/",
            ],
          ],
        },
      },
      "Type": "AWS::Lambda::Permission",
      "UpdateReplacePolicy": "Delete",
    },
    "AuthorizerBD825682": {
      "DeletionPolicy": "Delete",
      "Properties": {
        "IdentitySource": "method.request.header.Authorization",
        "Name": "StackAuthorizer14903EF1",
        "ProviderARNs": [
          {
            "Fn::GetAtt": [
              "UserPool6BA7E5F2",
              "Arn",
            ],
          },
        ],
        "RestApiId": {
          "Ref": "ApiF70053CD",
        },
        "Type": "COGNITO_USER_POOLS",
      },
      "Type": "AWS::ApiGateway::Authorizer",
      "UpdateReplacePolicy": "Delete",
    },
    "LambdaD247545B": {
      "DeletionPolicy": "Delete",
      "DependsOn": [
        "LambdaServiceRoleDefaultPolicyDAE46E21",
        "LambdaServiceRoleA8ED4D3B",
      ],
      "Properties": {
        "Architectures": [
          "arm64",
        ],
        "Code": {
          "S3Bucket": {
            "Fn::Sub": "cdk-hnb659fds-assets-\${AWS::AccountId}-\${AWS::Region}",
          },
          "S3Key": "1e45998be879d0928ffb213c2581fe7b573d53c94fcf0c3dae8db38d1ef00572.zip",
        },
        "Environment": {
          "Variables": {
            "MODEL_ID": "anthropic.claude-3-5-sonnet-20240620-v1:0",
          },
        },
        "Handler": "index.handler",
        "LoggingConfig": {
          "LogGroup": {
            "Ref": "LogGroupF5B46931",
          },
        },
        "MemorySize": 256,
        "Role": {
          "Fn::GetAtt": [
            "LambdaServiceRoleA8ED4D3B",
            "Arn",
          ],
        },
        "Runtime": "nodejs22.x",
        "Timeout": 30,
      },
      "Type": "AWS::Lambda::Function",
      "UpdateReplacePolicy": "Delete",
    },
    "LambdaServiceRoleA8ED4D3B": {
      "DeletionPolicy": "Delete",
      "Properties": {
        "AssumeRolePolicyDocument": {
          "Statement": [
            {
              "Action": "sts:AssumeRole",
              "Effect": "Allow",
              "Principal": {
                "Service": "lambda.amazonaws.com",
              },
            },
          ],
          "Version": "2012-10-17",
        },
        "ManagedPolicyArns": [
          {
            "Fn::Join": [
              "",
              [
                "arn:",
                {
                  "Ref": "AWS::Partition",
                },
                ":iam::aws:policy/service-role/AWSLambdaBasicExecutionRole",
              ],
            ],
          },
        ],
      },
      "Type": "AWS::IAM::Role",
      "UpdateReplacePolicy": "Delete",
    },
    "LambdaServiceRoleDefaultPolicyDAE46E21": {
      "DeletionPolicy": "Delete",
      "Properties": {
        "PolicyDocument": {
          "Statement": [
            {
              "Action": "bedrock:InvokeModel",
              "Effect": "Allow",
              "Resource": {
                "Fn::Join": [
                  "",
                  [
                    "arn:",
                    {
                      "Ref": "AWS::Partition",
                    },
                    ":bedrock:",
                    {
                      "Ref": "AWS::Region",
                    },
                    "::foundation-model/anthropic.claude-3-5-sonnet-20240620-v1:0",
                  ],
                ],
              },
            },
          ],
          "Version": "2012-10-17",
        },
        "PolicyName": "LambdaServiceRoleDefaultPolicyDAE46E21",
        "Roles": [
          {
            "Ref": "LambdaServiceRoleA8ED4D3B",
          },
        ],
      },
      "Type": "AWS::IAM::Policy",
      "UpdateReplacePolicy": "Delete",
    },
    "LogGroupF5B46931": {
      "DeletionPolicy": "Delete",
      "Properties": {
        "RetentionInDays": 1,
      },
      "Type": "AWS::Logs::LogGroup",
      "UpdateReplacePolicy": "Delete",
    },
    "UserPool6BA7E5F2": {
      "DeletionPolicy": "Delete",
      "Properties": {
        "AccountRecoverySetting": {
          "RecoveryMechanisms": [
            {
              "Name": "verified_phone_number",
              "Priority": 1,
            },
            {
              "Name": "verified_email",
              "Priority": 2,
            },
          ],
        },
        "AdminCreateUserConfig": {
          "AllowAdminCreateUserOnly": false,
        },
        "AutoVerifiedAttributes": [
          "email",
        ],
        "EmailVerificationMessage": "The verification code to your new account is {####}",
        "EmailVerificationSubject": "Verify your new account",
        "SmsVerificationMessage": "The verification code to your new account is {####}",
        "UsernameAttributes": [
          "email",
        ],
        "VerificationMessageTemplate": {
          "DefaultEmailOption": "CONFIRM_WITH_CODE",
          "EmailMessage": "The verification code to your new account is {####}",
          "EmailSubject": "Verify your new account",
          "SmsMessage": "The verification code to your new account is {####}",
        },
      },
      "Type": "AWS::Cognito::UserPool",
      "UpdateReplacePolicy": "Delete",
    },
    "UserPoolClient43258C81": {
      "DeletionPolicy": "Delete",
      "Properties": {
        "AllowedOAuthFlows": [
          "implicit",
          "code",
        ],
        "AllowedOAuthFlowsUserPoolClient": true,
        "AllowedOAuthScopes": [
          "profile",
          "phone",
          "email",
          "openid",
          "aws.cognito.signin.user.admin",
        ],
        "CallbackURLs": [
          "https://example.com",
        ],
        "ExplicitAuthFlows": [
          "ALLOW_ADMIN_USER_PASSWORD_AUTH",
          "ALLOW_REFRESH_TOKEN_AUTH",
        ],
        "SupportedIdentityProviders": [
          "COGNITO",
        ],
        "UserPoolId": {
          "Ref": "UserPool6BA7E5F2",
        },
      },
      "Type": "AWS::Cognito::UserPoolClient",
      "UpdateReplacePolicy": "Delete",
    },
    "UserPoolDomainD0EA232A": {
      "DeletionPolicy": "Delete",
      "Properties": {
        "Domain": "bedrock-apigateway",
        "UserPoolId": {
          "Ref": "UserPool6BA7E5F2",
        },
      },
      "Type": "AWS::Cognito::UserPoolDomain",
      "UpdateReplacePolicy": "Delete",
    },
  },
  "Rules": {
    "CheckBootstrapVersion": {
      "Assertions": [
        {
          "Assert": {
            "Fn::Not": [
              {
                "Fn::Contains": [
                  [
                    "1",
                    "2",
                    "3",
                    "4",
                    "5",
                  ],
                  {
                    "Ref": "BootstrapVersion",
                  },
                ],
              },
            ],
          },
          "AssertDescription": "CDK bootstrap stack version 6 required. Please run 'cdk bootstrap' with a recent version of the CDK CLI.",
        },
      ],
    },
  },
}
`;
